---
source: shared/src/geometry/flex.rs
expression: children
---
- Rect:
    rect:
      - - 24.5
        - 14.285714
      - - 29.5
        - 14.285714
- Rect:
    rect:
      - - 24.5
        - 28.571428
      - - 29.5
        - 28.571428
- Rect:
    rect:
      - - 24.5
        - 42.857143
      - - 29.5
        - 42.857143
- Rect:
    rect:
      - - 24.5
        - 57.142857
      - - 29.5
        - 57.142857
- Rect:
    rect:
      - - 24.5
        - 71.42857
      - - 29.5
        - 71.42857
- Rect:
    rect:
      - - 24.5
        - 85.71429
      - - 29.5
        - 85.71429

